// Jest Snapshot v1, https://goo.gl/fbAQLP

exports[`Button should render 1`] = `
<div>
  <button
    class="MuiButtonBase-root MuiButton-root MuiButton-text MuiButton-textPrimary MuiButton-disableElevation"
    data-testautomation-id="button"
    tabindex="0"
    type="button"
  >
    <span
      class="MuiButton-label"
    >
      Text
    </span>
  </button>
</div>
`;
