// Jest Snapshot v1, https://goo.gl/fbAQLP

exports[`TextField should render 1`] = `
<div>
  <div
    class="MuiFormControl-root MuiTextField-root"
    data-testautomation-id="control"
  >
    <label
      class="MuiFormLabel-root MuiInputLabel-root MuiInputLabel-formControl MuiInputLabel-shrink MuiInputLabel-outlined Mui-error Mui-error MuiFormLabel-filled"
      data-shrink="true"
    >
      Label
    </label>
    <div
      class="MuiInputBase-root MuiOutlinedInput-root Mui-error Mui-error MuiInputBase-formControl"
    >
      <input
        aria-invalid="true"
        class="MuiInputBase-input MuiOutlinedInput-input"
        placeholder="Placeholder"
        type="text"
        value="Value"
      />
      <fieldset
        aria-hidden="true"
        class="PrivateNotchedOutline-root-1 MuiOutlinedInput-notchedOutline"
      >
        <legend
          class="PrivateNotchedOutline-legendLabelled-3 PrivateNotchedOutline-legendNotched-4"
        >
          <span>
            Label
          </span>
        </legend>
      </fieldset>
    </div>
    <p
      class="MuiFormHelperText-root MuiFormHelperText-contained Mui-error MuiFormHelperText-filled"
    >
      Helper text
    </p>
  </div>
</div>
`;
